// Jest Snapshot v1, https://goo.gl/fbAQLP

exports[`TaskCards component renders a list of Cards renders correctly 1`] = `
<Provider
  store={
    Object {
      "clearActions": [Function],
      "dispatch": [Function],
      "getActions": [Function],
      "getState": [Function],
      "replaceReducer": [Function],
      "subscribe": [Function],
    }
  }
>
  <TasksList
    tasks={
      Array [
        Object {
          "category": "Sport",
          "id": 1,
          "tasks": Array [
            Object {
              "date": "dkjfsldf",
              "name": "go to the club",
            },
          ],
        },
        Object {
          "category": "Games",
          "id": 1,
          "tasks": Array [
            Object {
              "date": "task 2",
              "name": "go to the gym",
            },
          ],
        },
      ]
    }
  >
    <h4>
      loading....
    </h4>
  </TasksList>
</Provider>
`;
